C51 COMPILER V9.56.0.0   DELAYMS                                                           10/17/2017 08:41:32 PAGE 1   


C51 COMPILER V9.56.0.0, COMPILATION OF MODULE DELAYMS
OBJECT MODULE PLACED IN .\Objects\delayms.obj
COMPILER INVOKED BY: C:\Keil_v5\C51\BIN\C51.EXE delayms.c OPTIMIZE(8,SPEED) BROWSE DEBUG OBJECTEXTEND PRINT(.\Listings\d
                    -elayms.lst) TABS(2) OBJECT(.\Objects\delayms.obj)

line level    source

   1          #include <reg52.h>
   2          sbit led1 = P1^0;// 定义LED
   3          void delayms(unsigned int ms);
   4          
   5          void main(void)
   6          {
   7   1        led1=0;
   8   1        delayms(200);//延时函数
   9   1        led1=1;
  10   1        delayms(200);
  11   1      }
  12          
  13          void delayms(unsigned int ms)
  14          {
  15   1        unsigned int i,j;
  16   1        for(i=0;i<ms;i++)
  17   1          for(j=0;j<110;j++);
  18   1      }


MODULE INFORMATION:   STATIC OVERLAYABLE
   CODE SIZE        =     50    ----
   CONSTANT SIZE    =   ----    ----
   XDATA SIZE       =   ----    ----
   PDATA SIZE       =   ----    ----
   DATA SIZE        =   ----    ----
   IDATA SIZE       =   ----    ----
   BIT SIZE         =   ----    ----
END OF MODULE INFORMATION.


C51 COMPILATION COMPLETE.  0 WARNING(S),  0 ERROR(S)
